\BOOKMARK [0][-]{chapter*.1}{\376\377\000S\000o\000m\000m\000a\000r\000i\000o}{}% 1
\BOOKMARK [0][-]{chapter.1}{\376\377\000I\000n\000t\000r\000o\000d\000u\000z\000i\000o\000n\000e}{}% 2
\BOOKMARK [1][-]{section.1.1}{\376\377\000C\000o\000n\000t\000e\000s\000t\000o\000\040\000e\000\040\000m\000o\000t\000i\000v\000a\000z\000i\000o\000n\000i}{chapter.1}% 3
\BOOKMARK [1][-]{section.1.2}{\376\377\000P\000r\000o\000b\000l\000e\000m\000a\000\040\000a\000f\000f\000r\000o\000n\000t\000a\000t\000o}{chapter.1}% 4
\BOOKMARK [1][-]{section.1.3}{\376\377\000O\000b\000i\000e\000t\000t\000i\000v\000i\000\040\000d\000e\000l\000\040\000l\000a\000v\000o\000r\000o\000\040\000d\000i\000\040\000t\000e\000s\000i}{chapter.1}% 5
\BOOKMARK [1][-]{section.1.4}{\376\377\000C\000o\000n\000t\000r\000i\000b\000u\000t\000i\000\040\000d\000e\000l\000\040\000l\000a\000v\000o\000r\000o}{chapter.1}% 6
\BOOKMARK [1][-]{section.1.5}{\376\377\000O\000r\000g\000a\000n\000i\000z\000z\000a\000z\000i\000o\000n\000e\000\040\000d\000e\000l\000l\000a\000\040\000t\000e\000s\000i}{chapter.1}% 7
\BOOKMARK [0][-]{chapter.2}{\376\377\000C\000o\000n\000t\000e\000s\000t\000o\000\040\000e\000\040\000s\000t\000a\000t\000o\000\040\000d\000e\000l\000l\000'\000a\000r\000t\000e}{}% 8
\BOOKMARK [1][-]{section.2.1}{\376\377\000C\000o\000n\000t\000r\000o\000l\000l\000o\000\040\000s\000e\000m\000a\000f\000o\000r\000i\000c\000o\000\040\000u\000r\000b\000a\000n\000o}{chapter.2}% 9
\BOOKMARK [2][-]{subsection.2.1.1}{\376\377\000C\000o\000n\000t\000r\000o\000l\000l\000o\000\040\000a\000\040\000t\000e\000m\000p\000i\000\040\000f\000i\000s\000s\000i}{section.2.1}% 10
\BOOKMARK [2][-]{subsection.2.1.2}{\376\377\000C\000o\000n\000t\000r\000o\000l\000l\000o\000\040\000a\000t\000t\000u\000a\000t\000o\000\040\000e\000\040\000a\000d\000a\000t\000t\000i\000v\000o}{section.2.1}% 11
\BOOKMARK [1][-]{section.2.2}{\376\377\000S\000t\000r\000a\000t\000e\000g\000i\000e\000\040\000M\000a\000x\000-\000P\000r\000e\000s\000s\000u\000r\000e}{chapter.2}% 12
\BOOKMARK [2][-]{subsection.2.2.1}{\376\377\000P\000r\000i\000n\000c\000i\000p\000i\000o\000\040\000d\000i\000\040\000f\000u\000n\000z\000i\000o\000n\000a\000m\000e\000n\000t\000o}{section.2.2}% 13
\BOOKMARK [2][-]{subsection.2.2.2}{\376\377\000P\000r\000e\000s\000s\000i\000o\000n\000e\000\040\000d\000e\000i\000\040\000m\000o\000v\000i\000m\000e\000n\000t\000i\000\040\000e\000\040\000d\000e\000l\000l\000e\000\040\000f\000a\000s\000i}{section.2.2}% 14
\BOOKMARK [2][-]{subsection.2.2.3}{\376\377\000P\000r\000o\000p\000r\000i\000e\000t\000\340\000\040\000e\000\040\000l\000i\000m\000i\000t\000i\000\040\000d\000e\000l\000\040\000c\000o\000n\000t\000r\000o\000l\000l\000o\000\040\000l\000o\000c\000a\000l\000e}{section.2.2}% 15
\BOOKMARK [1][-]{section.2.3}{\376\377\000E\000s\000t\000e\000n\000s\000i\000o\000n\000i\000\040\000d\000e\000l\000\040\000M\000a\000x\000-\000P\000r\000e\000s\000s\000u\000r\000e}{chapter.2}% 16
\BOOKMARK [2][-]{subsection.2.3.1}{\376\377\000C\000o\000s\000t\000o\000\040\000d\000e\000l\000l\000e\000\040\000t\000r\000a\000n\000s\000i\000z\000i\000o\000n\000i\000\040\000s\000e\000m\000a\000f\000o\000r\000i\000c\000h\000e}{section.2.3}% 17
\BOOKMARK [2][-]{subsection.2.3.2}{\376\377\000P\000r\000e\000v\000e\000n\000z\000i\000o\000n\000e\000\040\000d\000e\000l\000l\000o\000\040\000s\000p\000i\000l\000l\000b\000a\000c\000k}{section.2.3}% 18
\BOOKMARK [2][-]{subsection.2.3.3}{\376\377\000F\000a\000i\000r\000n\000e\000s\000s\000\040\000e\000\040\000p\000r\000e\000v\000e\000n\000z\000i\000o\000n\000e\000\040\000d\000e\000l\000l\000a\000\040\000s\000t\000a\000r\000v\000a\000t\000i\000o\000n}{section.2.3}% 19
\BOOKMARK [2][-]{subsection.2.3.4}{\376\377\000G\000e\000s\000t\000i\000o\000n\000e\000\040\000d\000e\000i\000\040\000p\000l\000o\000t\000o\000n\000i\000\040\000d\000i\000\040\000v\000e\000i\000c\000o\000l\000i}{section.2.3}% 20
\BOOKMARK [1][-]{section.2.4}{\376\377\000S\000i\000m\000u\000l\000a\000z\000i\000o\000n\000e\000\040\000m\000i\000c\000r\000o\000s\000c\000o\000p\000i\000c\000a\000\040\000d\000e\000l\000\040\000t\000r\000a\000f\000f\000i\000c\000o}{chapter.2}% 21
\BOOKMARK [2][-]{subsection.2.4.1}{\376\377\000S\000U\000M\000O}{section.2.4}% 22
\BOOKMARK [2][-]{subsection.2.4.2}{\376\377\000I\000n\000t\000e\000r\000f\000a\000c\000c\000i\000a\000\040\000T\000r\000a\000C\000I}{section.2.4}% 23
\BOOKMARK [1][-]{section.2.5}{\376\377\000S\000i\000t\000u\000a\000z\000i\000o\000n\000e\000\040\000i\000n\000i\000z\000i\000a\000l\000e\000\040\000d\000e\000l\000\040\000p\000r\000o\000g\000e\000t\000t\000o}{chapter.2}% 24
\BOOKMARK [2][-]{subsection.2.5.1}{\376\377\000C\000o\000m\000p\000o\000n\000e\000n\000t\000i\000\040\000s\000o\000f\000t\000w\000a\000r\000e\000\040\000g\000i\000\340\000\040\000d\000i\000s\000p\000o\000n\000i\000b\000i\000l\000i}{section.2.5}% 25
\BOOKMARK [2][-]{subsection.2.5.2}{\376\377\000L\000i\000m\000i\000t\000i\000\040\000d\000e\000l\000l\000a\000\040\000s\000o\000l\000u\000z\000i\000o\000n\000e\000\040\000i\000n\000i\000z\000i\000a\000l\000e}{section.2.5}% 26
\BOOKMARK [2][-]{subsection.2.5.3}{\376\377\000C\000o\000n\000t\000r\000i\000b\000u\000t\000i\000\040\000s\000v\000i\000l\000u\000p\000p\000a\000t\000i\000\040\000n\000e\000l\000l\000a\000\040\000t\000e\000s\000i}{section.2.5}% 27
\BOOKMARK [0][-]{chapter.3}{\376\377\000R\000e\000q\000u\000i\000s\000i\000t\000i\000\040\000e\000\040\000p\000r\000o\000g\000e\000t\000t\000a\000z\000i\000o\000n\000e\000\040\000d\000e\000l\000\040\000s\000i\000s\000t\000e\000m\000a}{}% 28
\BOOKMARK [1][-]{section.3.1}{\376\377\000R\000e\000q\000u\000i\000s\000i\000t\000i\000\040\000f\000u\000n\000z\000i\000o\000n\000a\000l\000i}{chapter.3}% 29
\BOOKMARK [1][-]{section.3.2}{\376\377\000R\000e\000q\000u\000i\000s\000i\000t\000i\000\040\000n\000o\000n\000\040\000f\000u\000n\000z\000i\000o\000n\000a\000l\000i}{chapter.3}% 30
\BOOKMARK [2][-]{subsection.3.2.1}{\376\377\000R\000i\000p\000r\000o\000d\000u\000c\000i\000b\000i\000l\000i\000t\000\340}{section.3.2}% 31
\BOOKMARK [2][-]{subsection.3.2.2}{\376\377\000M\000o\000d\000u\000l\000a\000r\000i\000t\000\340}{section.3.2}% 32
\BOOKMARK [2][-]{subsection.3.2.3}{\376\377\000O\000s\000s\000e\000r\000v\000a\000b\000i\000l\000i\000t\000\340}{section.3.2}% 33
\BOOKMARK [1][-]{section.3.3}{\376\377\000A\000r\000c\000h\000i\000t\000e\000t\000t\000u\000r\000a\000\040\000g\000e\000n\000e\000r\000a\000l\000e}{chapter.3}% 34
\BOOKMARK [2][-]{subsection.3.3.1}{\376\377\000R\000u\000n\000n\000e\000r\000\040\000d\000e\000l\000l\000e\000\040\000s\000i\000m\000u\000l\000a\000z\000i\000o\000n\000i}{section.3.3}% 35
\BOOKMARK [2][-]{subsection.3.3.2}{\376\377\000G\000e\000n\000e\000r\000a\000z\000i\000o\000n\000e\000\040\000d\000e\000l\000l\000e\000\040\000p\000o\000p\000o\000l\000a\000z\000i\000o\000n\000i}{section.3.3}% 36
\BOOKMARK [2][-]{subsection.3.3.3}{\376\377\000C\000o\000n\000t\000r\000o\000l\000l\000e\000r\000\040\000s\000e\000m\000a\000f\000o\000r\000i\000c\000i}{section.3.3}% 37
\BOOKMARK [2][-]{subsection.3.3.4}{\376\377\000R\000a\000c\000c\000o\000l\000t\000a\000\040\000e\000\040\000a\000g\000g\000r\000e\000g\000a\000z\000i\000o\000n\000e\000\040\000d\000e\000l\000l\000e\000\040\000m\000e\000t\000r\000i\000c\000h\000e}{section.3.3}% 38
\BOOKMARK [1][-]{section.3.4}{\376\377\000F\000l\000u\000s\000s\000o\000\040\000d\000i\000\040\000e\000s\000e\000c\000u\000z\000i\000o\000n\000e\000\040\000d\000i\000\040\000u\000n\000a\000\040\000s\000i\000m\000u\000l\000a\000z\000i\000o\000n\000e}{chapter.3}% 39
\BOOKMARK [1][-]{section.3.5}{\376\377\000S\000c\000e\000l\000t\000e\000\040\000p\000r\000o\000g\000e\000t\000t\000u\000a\000l\000i}{chapter.3}% 40
\BOOKMARK [2][-]{subsection.3.5.1}{\376\377\000S\000e\000p\000a\000r\000a\000z\000i\000o\000n\000e\000\040\000t\000r\000a\000\040\000c\000o\000n\000t\000r\000o\000l\000l\000e\000r\000\040\000e\000\040\000s\000i\000m\000u\000l\000a\000t\000o\000r\000e}{section.3.5}% 41
\BOOKMARK [2][-]{subsection.3.5.2}{\376\377\000C\000o\000n\000f\000i\000g\000u\000r\000a\000z\000i\000o\000n\000e\000\040\000m\000e\000d\000i\000a\000n\000t\000e\000\040\000p\000a\000r\000a\000m\000e\000t\000r\000i}{section.3.5}% 42
\BOOKMARK [2][-]{subsection.3.5.3}{\376\377\000G\000e\000s\000t\000i\000o\000n\000e\000\040\000d\000e\000l\000l\000e\000\040\000m\000a\000p\000p\000e\000\040\000r\000e\000a\000l\000i\000\040\000e\000\040\000s\000i\000n\000t\000e\000t\000i\000c\000h\000e}{section.3.5}% 43
\BOOKMARK [0][-]{chapter.4}{\376\377\000I\000m\000p\000l\000e\000m\000e\000n\000t\000a\000z\000i\000o\000n\000e\000\040\000d\000e\000i\000\040\000c\000o\000n\000t\000r\000o\000l\000l\000e\000r\000\040\000M\000a\000x\000-\000P\000r\000e\000s\000s\000u\000r\000e}{}% 44
\BOOKMARK [1][-]{section.4.1}{\376\377\000R\000a\000p\000p\000r\000e\000s\000e\000n\000t\000a\000z\000i\000o\000n\000e\000\040\000d\000e\000i\000\040\000s\000e\000m\000a\000f\000o\000r\000i}{chapter.4}% 45
\BOOKMARK [2][-]{subsection.4.1.1}{\376\377\000I\000d\000e\000n\000t\000i\000f\000i\000c\000a\000z\000i\000o\000n\000e\000\040\000d\000e\000l\000l\000e\000\040\000f\000a\000s\000i\000\040\000p\000r\000i\000n\000c\000i\000p\000a\000l\000i}{section.4.1}% 46
\BOOKMARK [2][-]{subsection.4.1.2}{\376\377\000C\000o\000s\000t\000r\000u\000z\000i\000o\000n\000e\000\040\000d\000e\000i\000\040\000m\000o\000v\000i\000m\000e\000n\000t\000i}{section.4.1}% 47
\BOOKMARK [2][-]{subsection.4.1.3}{\376\377\000C\000o\000n\000s\000e\000r\000v\000a\000z\000i\000o\000n\000e\000\040\000d\000e\000l\000l\000e\000\040\000t\000r\000a\000n\000s\000i\000z\000i\000o\000n\000i\000\040\000d\000i\000\040\000s\000i\000c\000u\000r\000e\000z\000z\000a}{section.4.1}% 48
\BOOKMARK [1][-]{section.4.2}{\376\377\000C\000o\000n\000t\000r\000o\000l\000l\000e\000r\000\040\000M\000a\000x\000-\000P\000r\000e\000s\000s\000u\000r\000e\000\040\000d\000i\000\040\000b\000a\000s\000e}{chapter.4}% 49
\BOOKMARK [2][-]{subsection.4.2.1}{\376\377\000M\000i\000s\000u\000r\000a\000\040\000d\000e\000l\000l\000e\000\040\000c\000o\000d\000e}{section.4.2}% 50
\BOOKMARK [2][-]{subsection.4.2.2}{\376\377\000C\000a\000l\000c\000o\000l\000o\000\040\000d\000e\000l\000l\000a\000\040\000p\000r\000e\000s\000s\000i\000o\000n\000e}{section.4.2}% 51
\BOOKMARK [2][-]{subsection.4.2.3}{\376\377\000S\000e\000l\000e\000z\000i\000o\000n\000e\000\040\000d\000e\000l\000l\000a\000\040\000f\000a\000s\000e}{section.4.2}% 52
\BOOKMARK [2][-]{subsection.4.2.4}{\376\377\000V\000i\000n\000c\000o\000l\000i\000\040\000d\000i\000\040\000m\000i\000n\000i\000m\000o\000\040\000e\000\040\000m\000a\000s\000s\000i\000m\000o\000\040\000v\000e\000r\000d\000e}{section.4.2}% 53
\BOOKMARK [1][-]{section.4.3}{\376\377\000M\000a\000c\000c\000h\000i\000n\000a\000\040\000a\000\040\000s\000t\000a\000t\000i\000\040\000d\000e\000l\000\040\000c\000o\000n\000t\000r\000o\000l\000l\000e\000r}{chapter.4}% 54
\BOOKMARK [2][-]{subsection.4.3.1}{\376\377\000F\000a\000s\000e\000\040\000a\000t\000t\000i\000v\000a\000\040\000e\000\040\000t\000a\000r\000g\000e\000t\000\040\000p\000e\000n\000d\000e\000n\000t\000e}{section.4.3}% 55
\BOOKMARK [2][-]{subsection.4.3.2}{\376\377\000G\000e\000s\000t\000i\000o\000n\000e\000\040\000d\000i\000\040\000g\000i\000a\000l\000l\000o\000\040\000e\000\040\000a\000l\000l\000-\000r\000e\000d}{section.4.3}% 56
\BOOKMARK [2][-]{subsection.4.3.3}{\376\377\000R\000e\000c\000u\000p\000e\000r\000o\000\040\000d\000a\000l\000l\000e\000\040\000t\000r\000a\000n\000s\000i\000z\000i\000o\000n\000i\000\040\000a\000n\000o\000m\000a\000l\000e}{section.4.3}% 57
\BOOKMARK [1][-]{section.4.4}{\376\377\000L\000o\000s\000t\000-\000T\000i\000m\000e\000-\000A\000w\000a\000r\000e}{chapter.4}% 58
\BOOKMARK [1][-]{section.4.5}{\376\377\000M\000i\000n\000i\000m\000o\000\040\000v\000e\000r\000d\000e\000\040\000d\000i\000n\000a\000m\000i\000c\000o\000\040\000N\000m\000i\000n}{chapter.4}% 59
\BOOKMARK [1][-]{section.4.6}{\376\377\000F\000a\000i\000r\000n\000e\000s\000s}{chapter.4}% 60
\BOOKMARK [1][-]{section.4.7}{\376\377\000P\000e\000n\000a\000l\000i\000t\000\340\000\040\000d\000o\000w\000n\000s\000t\000r\000e\000a\000m}{chapter.4}% 61
\BOOKMARK [1][-]{section.4.8}{\376\377\000A\000n\000t\000i\000-\000s\000p\000i\000l\000l\000b\000a\000c\000k}{chapter.4}% 62
\BOOKMARK [1][-]{section.4.9}{\376\377\000P\000l\000a\000t\000o\000o\000n\000\040\000e\000x\000t\000e\000n\000s\000i\000o\000n}{chapter.4}% 63
\BOOKMARK [1][-]{section.4.10}{\376\377\000M\000a\000r\000g\000i\000n\000i\000\040\000e\000\040\000s\000t\000a\000b\000i\000l\000i\000t\000\340\000\040\000d\000e\000l\000l\000o\000\040\000s\000w\000i\000t\000c\000h}{chapter.4}% 64
\BOOKMARK [1][-]{section.4.11}{\376\377\000C\000o\000n\000t\000a\000t\000o\000r\000i\000\040\000d\000i\000\040\000a\000t\000t\000i\000v\000a\000z\000i\000o\000n\000e}{chapter.4}% 65
\BOOKMARK [0][-]{chapter.5}{\376\377\000M\000e\000t\000o\000d\000o\000l\000o\000g\000i\000a\000\040\000e\000\040\000p\000i\000a\000t\000t\000a\000f\000o\000r\000m\000a\000\040\000s\000p\000e\000r\000i\000m\000e\000n\000t\000a\000l\000e}{}% 66
\BOOKMARK [1][-]{section.5.1}{\376\377\000O\000b\000i\000e\000t\000t\000i\000v\000i\000\040\000d\000e\000l\000l\000a\000\040\000v\000a\000l\000u\000t\000a\000z\000i\000o\000n\000e}{chapter.5}% 67
\BOOKMARK [1][-]{section.5.2}{\376\377\000P\000i\000p\000e\000l\000i\000n\000e\000\040\000s\000p\000e\000r\000i\000m\000e\000n\000t\000a\000l\000e}{chapter.5}% 68
\BOOKMARK [2][-]{subsection.5.2.1}{\376\377\000G\000e\000n\000e\000r\000a\000z\000i\000o\000n\000e\000\040\000d\000e\000i\000\040\000c\000a\000s\000i\000\040\000s\000p\000e\000r\000i\000m\000e\000n\000t\000a\000l\000i}{section.5.2}% 69
\BOOKMARK [2][-]{subsection.5.2.2}{\376\377\000O\000r\000g\000a\000n\000i\000z\000z\000a\000z\000i\000o\000n\000e\000\040\000d\000e\000l\000l\000e\000\040\000c\000a\000m\000p\000a\000g\000n\000e}{section.5.2}% 70
\BOOKMARK [2][-]{subsection.5.2.3}{\376\377\000R\000e\000p\000o\000r\000t\000\040\000a\000u\000t\000o\000m\000a\000t\000i\000c\000i}{section.5.2}% 71
\BOOKMARK [1][-]{section.5.3}{\376\377\000G\000e\000n\000e\000r\000a\000z\000i\000o\000n\000e\000\040\000d\000e\000l\000l\000a\000\040\000d\000o\000m\000a\000n\000d\000a\000\040\000d\000i\000\040\000t\000r\000a\000f\000f\000i\000c\000o}{chapter.5}% 72
\BOOKMARK [2][-]{subsection.5.3.1}{\376\377\000L\000i\000v\000e\000l\000l\000i\000\040\000l\000o\000w\000,\000\040\000m\000e\000d\000i\000u\000m\000\040\000e\000\040\000h\000i\000g\000h}{section.5.3}% 73
\BOOKMARK [2][-]{subsection.5.3.2}{\376\377\000S\000e\000e\000d\000\040\000e\000\040\000r\000i\000p\000r\000o\000d\000u\000c\000i\000b\000i\000l\000i\000t\000\340}{section.5.3}% 74
\BOOKMARK [1][-]{section.5.4}{\376\377\000P\000r\000o\000f\000i\000l\000o\000\040\000d\000i\000\040\000g\000u\000i\000d\000a\000\040\000h\000u\000m\000a\000n\000-\000l\000i\000g\000h\000t}{chapter.5}% 75
\BOOKMARK [1][-]{section.5.5}{\376\377\000C\000o\000n\000t\000r\000o\000l\000l\000e\000r\000\040\000d\000i\000\040\000c\000o\000n\000f\000r\000o\000n\000t\000o}{chapter.5}% 76
\BOOKMARK [2][-]{subsection.5.5.1}{\376\377\000f\000i\000x\000e\000d\000\137\000p\000r\000o\000g\000r\000a\000m\0000}{section.5.5}% 77
\BOOKMARK [2][-]{subsection.5.5.2}{\376\377\000f\000i\000x\000e\000d\000\137\000t\000u\000n\000e\000d}{section.5.5}% 78
\BOOKMARK [1][-]{section.5.6}{\376\377\000M\000e\000t\000r\000i\000c\000h\000e}{chapter.5}% 79
\BOOKMARK [2][-]{subsection.5.6.1}{\376\377\000T\000e\000m\000p\000o\000\040\000d\000i\000\040\000a\000t\000t\000e\000s\000a}{section.5.6}% 80
\BOOKMARK [2][-]{subsection.5.6.2}{\376\377\000T\000e\000m\000p\000o\000\040\000d\000i\000\040\000v\000i\000a\000g\000g\000i\000o\000\040\000e\000\040\000t\000i\000m\000e\000\040\000l\000o\000s\000s}{section.5.6}% 81
\BOOKMARK [2][-]{subsection.5.6.3}{\376\377\000V\000e\000l\000o\000c\000i\000t\000\340\000\040\000m\000e\000d\000i\000a}{section.5.6}% 82
\BOOKMARK [2][-]{subsection.5.6.4}{\376\377\000V\000i\000a\000g\000g\000i\000\040\000c\000o\000m\000p\000l\000e\000t\000a\000t\000i\000\040\000e\000\040\000t\000a\000s\000s\000o\000\040\000d\000i\000\040\000c\000o\000m\000p\000l\000e\000t\000a\000m\000e\000n\000t\000o}{section.5.6}% 83
\BOOKMARK [2][-]{subsection.5.6.5}{\376\377\000C\000e\000n\000s\000u\000r\000a}{section.5.6}% 84
\BOOKMARK [1][-]{section.5.7}{\376\377\000C\000r\000i\000t\000e\000r\000i\000\040\000d\000i\000\040\000c\000o\000n\000f\000r\000o\000n\000t\000o}{chapter.5}% 85
\BOOKMARK [0][-]{chapter.6}{\376\377\000V\000a\000l\000u\000t\000a\000z\000i\000o\000n\000e\000\040\000s\000u\000\040\000M\000a\000n\000h\000a\000t\000t\000a\000n\000\040\0008\000x\0008}{}% 86
\BOOKMARK [1][-]{section.6.1}{\376\377\000M\000o\000t\000i\000v\000a\000z\000i\000o\000n\000e\000\040\000d\000e\000l\000l\000o\000\040\000s\000c\000e\000n\000a\000r\000i\000o\000\040\000s\000i\000n\000t\000e\000t\000i\000c\000o}{chapter.6}% 87
\BOOKMARK [1][-]{section.6.2}{\376\377\000T\000o\000p\000o\000l\000o\000g\000i\000a\000\040\000d\000e\000l\000l\000a\000\040\000r\000e\000t\000e}{chapter.6}% 88
\BOOKMARK [1][-]{section.6.3}{\376\377\000C\000o\000n\000f\000i\000g\000u\000r\000a\000z\000i\000o\000n\000e\000\040\000s\000p\000e\000r\000i\000m\000e\000n\000t\000a\000l\000e}{chapter.6}% 89
\BOOKMARK [1][-]{section.6.4}{\376\377\000C\000o\000n\000f\000r\000o\000n\000t\000o\000\040\000t\000r\000a\000\040\000M\000a\000x\000-\000P\000r\000e\000s\000s\000u\000r\000e\000\040\000e\000\040\000c\000o\000n\000t\000r\000o\000l\000l\000o\000\040\000f\000i\000s\000s\000o}{chapter.6}% 90
\BOOKMARK [1][-]{section.6.5}{\376\377\000V\000a\000l\000u\000t\000a\000z\000i\000o\000n\000e\000\040\000d\000e\000l\000l\000e\000\040\000s\000i\000n\000g\000o\000l\000e\000\040\000e\000s\000t\000e\000n\000s\000i\000o\000n\000i}{chapter.6}% 91
\BOOKMARK [2][-]{subsection.6.5.1}{\376\377\000E\000f\000f\000e\000t\000t\000o\000\040\000c\000h\000i\000a\000r\000o\000:\000\040\000N\000m\000i\000n}{section.6.5}% 92
\BOOKMARK [2][-]{subsection.6.5.2}{\376\377\000V\000a\000r\000i\000a\000n\000t\000i\000\040\000q\000u\000a\000s\000i\000\040\000e\000q\000u\000i\000v\000a\000l\000e\000n\000t\000i\000\040\000a\000\040\000m\000p\000\137\000b\000a\000s\000e}{section.6.5}% 93
\BOOKMARK [2][-]{subsection.6.5.3}{\376\377\000V\000a\000r\000i\000a\000n\000t\000i\000\040\000p\000e\000n\000a\000l\000i\000z\000z\000a\000t\000e\000\040\000d\000a\000l\000l\000a\000\040\000d\000o\000m\000a\000n\000d\000a\000\040\000u\000n\000i\000f\000o\000r\000m\000e}{section.6.5}% 94
\BOOKMARK [1][-]{section.6.6}{\376\377\000A\000n\000a\000l\000i\000s\000i\000\040\000d\000e\000i\000\040\000c\000o\000n\000t\000a\000t\000o\000r\000i\000\040\000d\000i\000\040\000a\000t\000t\000i\000v\000a\000z\000i\000o\000n\000e}{chapter.6}% 95
\BOOKMARK [1][-]{section.6.7}{\376\377\000C\000o\000n\000f\000r\000o\000n\000t\000o\000\040\000c\000o\000m\000p\000l\000e\000s\000s\000i\000v\000o}{chapter.6}% 96
\BOOKMARK [1][-]{section.6.8}{\376\377\000I\000n\000d\000i\000c\000a\000z\000i\000o\000n\000i\000\040\000r\000i\000c\000a\000v\000a\000t\000e\000\040\000p\000e\000r\000\040\000l\000o\000\040\000s\000c\000e\000n\000a\000r\000i\000o\000\040\000r\000e\000a\000l\000e}{chapter.6}% 97
\BOOKMARK [0][-]{chapter.7}{\376\377\000A\000d\000a\000t\000t\000a\000m\000e\000n\000t\000o\000\040\000a\000l\000l\000a\000\040\000r\000e\000t\000e\000\040\000d\000i\000\040\000B\000o\000l\000o\000g\000n\000a}{}% 98
\BOOKMARK [1][-]{section.7.1}{\376\377\000C\000a\000r\000a\000t\000t\000e\000r\000i\000s\000t\000i\000c\000h\000e\000\040\000d\000e\000l\000l\000a\000\040\000r\000e\000t\000e}{chapter.7}% 99
\BOOKMARK [1][-]{section.7.2}{\376\377\000P\000r\000o\000b\000l\000e\000m\000i\000\040\000r\000i\000s\000c\000o\000n\000t\000r\000a\000t\000i}{chapter.7}% 100
\BOOKMARK [2][-]{subsection.7.2.1}{\376\377\000C\000o\000m\000p\000l\000e\000s\000s\000i\000t\000\340\000\040\000d\000e\000l\000l\000a\000\040\000t\000o\000p\000o\000l\000o\000g\000i\000a}{section.7.2}% 101
\BOOKMARK [2][-]{subsection.7.2.2}{\376\377\000S\000t\000a\000l\000l\000i\000\040\000e\000\040\000c\000o\000n\000g\000e\000s\000t\000i\000o\000n\000e}{section.7.2}% 102
\BOOKMARK [1][-]{section.7.3}{\376\377\000P\000r\000e\000p\000a\000r\000a\000z\000i\000o\000n\000e\000\040\000d\000e\000l\000l\000a\000\040\000m\000a\000p\000p\000a\000\040\000e\000\040\000c\000o\000m\000p\000a\000t\000i\000b\000i\000l\000i\000t\000\340}{chapter.7}% 103
\BOOKMARK [1][-]{section.7.4}{\376\377\000A\000n\000a\000l\000i\000s\000i\000\040\000d\000e\000l\000\040\000p\000r\000o\000g\000r\000a\000m\000m\000a\000\040\000s\000e\000m\000a\000f\000o\000r\000i\000c\000o\000\040\000p\000r\000o\000g\000r\000a\000m\0000}{chapter.7}% 104
\BOOKMARK [1][-]{section.7.5}{\376\377\000L\000i\000m\000i\000t\000i\000\040\000d\000e\000l\000\040\000M\000a\000x\000-\000P\000r\000e\000s\000s\000u\000r\000e\000\040\000p\000u\000r\000o\000\040\000s\000u\000\040\000B\000o\000l\000o\000g\000n\000a}{chapter.7}% 105
\BOOKMARK [2][-]{subsection.7.5.1}{\376\377\000P\000r\000e\000s\000t\000a\000z\000i\000o\000n\000i\000\040\000n\000e\000l\000\040\000t\000r\000a\000f\000f\000i\000c\000o\000\040\000l\000e\000g\000g\000e\000r\000o}{section.7.5}% 106
\BOOKMARK [2][-]{subsection.7.5.2}{\376\377\000A\000s\000s\000e\000n\000z\000a\000\040\000d\000i\000\040\000c\000o\000o\000r\000d\000i\000n\000a\000m\000e\000n\000t\000o\000\040\000e\000s\000p\000l\000i\000c\000i\000t\000o}{section.7.5}% 107
\BOOKMARK [1][-]{section.7.6}{\376\377\000C\000a\000l\000i\000b\000r\000a\000z\000i\000o\000n\000e\000\040\000d\000e\000l\000l\000a\000\040\000d\000o\000m\000a\000n\000d\000a}{chapter.7}% 108
\BOOKMARK [1][-]{section.7.7}{\376\377\000D\000i\000s\000t\000r\000i\000b\000u\000z\000i\000o\000n\000i\000\040\000d\000i\000\040\000d\000o\000m\000a\000n\000d\000a\000\040\000p\000e\000r\000\040\000B\000o\000l\000o\000g\000n\000a}{chapter.7}% 109
\BOOKMARK [2][-]{subsection.7.7.1}{\376\377\000b\000a\000l\000a\000n\000c\000e\000d}{section.7.7}% 110
\BOOKMARK [2][-]{subsection.7.7.2}{\376\377\000s\000k\000e\000w\000e\000d}{section.7.7}% 111
\BOOKMARK [2][-]{subsection.7.7.3}{\376\377\000p\000e\000a\000k}{section.7.7}% 112
\BOOKMARK [1][-]{section.7.8}{\376\377\000C\000o\000n\000t\000r\000o\000l\000l\000e\000r\000\040\000i\000b\000r\000i\000d\000o\000\040\000m\000p\000\137\000p\000r\000o\000g\000r\000a\000m\0000}{chapter.7}% 113
\BOOKMARK [2][-]{subsection.7.8.1}{\376\377\000M\000i\000s\000u\000r\000a\000\040\000d\000e\000l\000\040\000c\000a\000r\000i\000c\000o\000\040\000l\000o\000c\000a\000l\000e}{section.7.8}% 114
\BOOKMARK [2][-]{subsection.7.8.2}{\376\377\000P\000a\000s\000s\000a\000g\000g\000i\000o\000\040\000t\000r\000a\000\040\000p\000r\000o\000g\000r\000a\000m\0000\000\040\000e\000\040\000M\000a\000x\000-\000P\000r\000e\000s\000s\000u\000r\000e}{section.7.8}% 115
\BOOKMARK [2][-]{subsection.7.8.3}{\376\377\000I\000s\000t\000e\000r\000e\000s\000i\000\040\000e\000\040\000s\000t\000a\000b\000i\000l\000i\000t\000\340\000\040\000d\000e\000l\000l\000a\000\040\000s\000e\000l\000e\000z\000i\000o\000n\000e}{section.7.8}% 116
\BOOKMARK [1][-]{section.7.9}{\376\377\000M\000e\000t\000a\000-\000c\000o\000n\000t\000r\000o\000l\000l\000e\000r\000\040\000m\000p\000\137\000s\000u\000p\000e\000r}{chapter.7}% 117
\BOOKMARK [2][-]{subsection.7.9.1}{\376\377\000M\000o\000t\000i\000v\000a\000z\000i\000o\000n\000e}{section.7.9}% 118
\BOOKMARK [2][-]{subsection.7.9.2}{\376\377\000C\000a\000r\000i\000c\000o\000\040\000\050\000l\000o\000a\000d\000\051}{section.7.9}% 119
\BOOKMARK [2][-]{subsection.7.9.3}{\376\377\000S\000q\000u\000i\000l\000i\000b\000r\000i\000o\000\040\000d\000e\000l\000l\000a\000\040\000d\000o\000m\000a\000n\000d\000a\000\040\000\050\000i\000m\000b\000a\000l\000a\000n\000c\000e\000\051}{section.7.9}% 120
\BOOKMARK [2][-]{subsection.7.9.4}{\376\377\000S\000q\000u\000i\000l\000i\000b\000r\000i\000o\000\040\000d\000e\000l\000l\000'\000a\000t\000t\000e\000s\000a\000\040\000\050\000w\000a\000i\000t\000\040\000i\000m\000b\000a\000l\000a\000n\000c\000e\000\051}{section.7.9}% 121
\BOOKMARK [2][-]{subsection.7.9.5}{\376\377\000V\000a\000r\000i\000a\000b\000i\000l\000i\000t\000\340\000\040\000t\000e\000m\000p\000o\000r\000a\000l\000e\000\040\000\050\000b\000u\000r\000s\000t\000i\000n\000e\000s\000s\000\051}{section.7.9}% 122
\BOOKMARK [2][-]{subsection.7.9.6}{\376\377\000R\000i\000l\000e\000v\000a\000z\000i\000o\000n\000e\000\040\000d\000e\000i\000\040\000p\000l\000o\000t\000o\000n\000i\000\040\000\050\000p\000l\000a\000t\000o\000o\000n\000\040\000s\000c\000o\000r\000e\000\051}{section.7.9}% 123
\BOOKMARK [2][-]{subsection.7.9.7}{\376\377\000S\000a\000t\000u\000r\000a\000z\000i\000o\000n\000e\000\040\000d\000o\000w\000n\000s\000t\000r\000e\000a\000m}{section.7.9}% 124
\BOOKMARK [2][-]{subsection.7.9.8}{\376\377\000R\000e\000g\000o\000l\000e\000\040\000d\000i\000\040\000s\000e\000l\000e\000z\000i\000o\000n\000e\000\040\000d\000e\000l\000l\000e\000\040\000m\000o\000d\000a\000l\000i\000t\000\340}{section.7.9}% 125
\BOOKMARK [2][-]{subsection.7.9.9}{\376\377\000I\000s\000t\000e\000r\000e\000s\000i\000\040\000t\000e\000m\000p\000o\000r\000a\000l\000e}{section.7.9}% 126
\BOOKMARK [1][-]{section.7.10}{\376\377\000E\000v\000o\000l\000u\000z\000i\000o\000n\000e\000\040\000d\000e\000l\000l\000e\000\040\000s\000o\000g\000l\000i\000e\000\040\000d\000i\000\040\000m\000p\000\137\000s\000u\000p\000e\000r}{chapter.7}% 127
\BOOKMARK [0][-]{chapter.8}{\376\377\000V\000a\000l\000u\000t\000a\000z\000i\000o\000n\000e\000\040\000f\000i\000n\000a\000l\000e\000\040\000s\000u\000\040\000B\000o\000l\000o\000g\000n\000a}{}% 128
\BOOKMARK [1][-]{section.8.1}{\376\377\000P\000r\000o\000t\000o\000c\000o\000l\000l\000o\000\040\000s\000p\000e\000r\000i\000m\000e\000n\000t\000a\000l\000e}{chapter.8}% 129
\BOOKMARK [1][-]{section.8.2}{\376\377\000R\000i\000s\000u\000l\000t\000a\000t\000i\000\040\000a\000g\000g\000r\000e\000g\000a\000t\000i}{chapter.8}% 130
\BOOKMARK [1][-]{section.8.3}{\376\377\000C\000o\000m\000p\000l\000e\000t\000e\000z\000z\000a\000\040\000e\000\040\000v\000a\000r\000i\000a\000b\000i\000l\000i\000t\000\340}{chapter.8}% 131
\BOOKMARK [1][-]{section.8.4}{\376\377\000C\000o\000m\000p\000o\000r\000t\000a\000m\000e\000n\000t\000o\000\040\000d\000e\000l\000l\000e\000\040\000v\000a\000r\000i\000a\000n\000t\000i\000\040\000s\000p\000e\000c\000i\000a\000l\000i\000s\000t\000i\000c\000h\000e}{chapter.8}% 132
\BOOKMARK [1][-]{section.8.5}{\376\377\000U\000s\000o\000\040\000d\000e\000l\000l\000e\000\040\000m\000o\000d\000a\000l\000i\000t\000\340\000\040\000d\000i\000\040\000m\000p\000\137\000s\000u\000p\000e\000r}{chapter.8}% 133
\BOOKMARK [1][-]{section.8.6}{\376\377\000D\000i\000s\000c\000u\000s\000s\000i\000o\000n\000e\000\040\000d\000e\000i\000\040\000r\000i\000s\000u\000l\000t\000a\000t\000i}{chapter.8}% 134
\BOOKMARK [1][-]{section.8.7}{\376\377\000L\000i\000m\000i\000t\000i\000\040\000d\000e\000l\000l\000a\000\040\000v\000a\000l\000u\000t\000a\000z\000i\000o\000n\000e}{chapter.8}% 135
\BOOKMARK [0][-]{chapter.9}{\376\377\000C\000o\000n\000c\000l\000u\000s\000i\000o\000n\000i}{}% 136
\BOOKMARK [1][-]{section.9.1}{\376\377\000S\000i\000n\000t\000e\000s\000i\000\040\000d\000e\000l\000\040\000l\000a\000v\000o\000r\000o}{chapter.9}% 137
\BOOKMARK [1][-]{section.9.2}{\376\377\000R\000i\000s\000u\000l\000t\000a\000t\000i\000\040\000p\000r\000i\000n\000c\000i\000p\000a\000l\000i}{chapter.9}% 138
\BOOKMARK [1][-]{section.9.3}{\376\377\000R\000i\000s\000p\000o\000s\000t\000a\000\040\000a\000g\000l\000i\000\040\000o\000b\000i\000e\000t\000t\000i\000v\000i\000\040\000d\000e\000l\000l\000a\000\040\000t\000e\000s\000i}{chapter.9}% 139
\BOOKMARK [1][-]{section.9.4}{\376\377\000L\000i\000m\000i\000t\000i}{chapter.9}% 140
\BOOKMARK [1][-]{section.9.5}{\376\377\000S\000v\000i\000l\000u\000p\000p\000i\000\040\000f\000u\000t\000u\000r\000i}{chapter.9}% 141
\BOOKMARK [0][-]{appendix.Alph1}{\376\377\000C\000o\000n\000f\000i\000g\000u\000r\000a\000z\000i\000o\000n\000i\000\040\000s\000p\000e\000r\000i\000m\000e\000n\000t\000a\000l\000i}{}% 142
\BOOKMARK [1][-]{section.Alph1.1}{\376\377\000C\000o\000n\000f\000i\000g\000u\000r\000a\000z\000i\000o\000n\000i\000\040\000d\000e\000l\000l\000e\000\040\000c\000a\000m\000p\000a\000g\000n\000e}{appendix.Alph1}% 143
\BOOKMARK [1][-]{section.Alph1.2}{\376\377\000O\000u\000t\000p\000u\000t\000\040\000e\000\040\000r\000i\000s\000u\000l\000t\000a\000t\000i\000\040\000c\000o\000m\000p\000l\000e\000t\000i}{appendix.Alph1}% 144
\BOOKMARK [1][-]{section.Alph1.3}{\376\377\000S\000t\000r\000u\000t\000t\000u\000r\000a\000\040\000e\000s\000s\000e\000n\000z\000i\000a\000l\000e\000\040\000d\000e\000l\000\040\000s\000o\000f\000t\000w\000a\000r\000e}{appendix.Alph1}% 145
\BOOKMARK [0][-]{appendix.Alph2}{\376\377\000D\000e\000t\000t\000a\000g\000l\000i\000\040\000i\000m\000p\000l\000e\000m\000e\000n\000t\000a\000t\000i\000v\000i}{}% 146
\BOOKMARK [1][-]{section.Alph2.1}{\376\377\000C\000o\000s\000t\000r\000u\000z\000i\000o\000n\000e\000\040\000d\000e\000i\000\040\000m\000o\000v\000i\000m\000e\000n\000t\000i\000\040\000d\000a\000l\000l\000e\000\040\000f\000a\000s\000i\000\040\000S\000U\000M\000O}{appendix.Alph2}% 147
\BOOKMARK [1][-]{section.Alph2.2}{\376\377\000C\000a\000l\000c\000o\000l\000o\000\040\000d\000e\000l\000l\000a\000\040\000p\000r\000e\000s\000s\000i\000o\000n\000e\000\040\000d\000i\000\040\000f\000a\000s\000e}{appendix.Alph2}% 148
\BOOKMARK [1][-]{section.Alph2.3}{\376\377\000S\000e\000l\000e\000z\000i\000o\000n\000e\000\040\000d\000e\000l\000l\000e\000\040\000m\000o\000d\000a\000l\000i\000t\000\340\000\040\000d\000i\000\040\000m\000p\000\137\000s\000u\000p\000e\000r}{appendix.Alph2}% 149
\BOOKMARK [0][-]{appendix*.16}{\376\377\000R\000i\000f\000e\000r\000i\000m\000e\000n\000t\000i\000\040\000b\000i\000b\000l\000i\000o\000g\000r\000a\000f\000i\000c\000i}{}% 150
